Archive member included to satisfy reference by file (symbol)

d:/at32ide/platform/tools/gcc-arm-none-eabi-10.3-2021.10/bin/../lib/gcc/arm-none-eabi/10.3.1/../../../../arm-none-eabi/lib/thumb/v7e-m+fp/hard\libg_nano.a(lib_a-exit.o)
                              d:/at32ide/platform/tools/gcc-arm-none-eabi-10.3-2021.10/bin/../lib/gcc/arm-none-eabi/10.3.1/../../../../arm-none-eabi/lib/thumb/v7e-m+fp/hard/crt0.o (exit)
d:/at32ide/platform/tools/gcc-arm-none-eabi-10.3-2021.10/bin/../lib/gcc/arm-none-eabi/10.3.1/../../../../arm-none-eabi/lib/thumb/v7e-m+fp/hard\libg_nano.a(lib_a-impure.o)
                              d:/at32ide/platform/tools/gcc-arm-none-eabi-10.3-2021.10/bin/../lib/gcc/arm-none-eabi/10.3.1/../../../../arm-none-eabi/lib/thumb/v7e-m+fp/hard\libg_nano.a(lib_a-exit.o) (_global_impure_ptr)
d:/at32ide/platform/tools/gcc-arm-none-eabi-10.3-2021.10/bin/../lib/gcc/arm-none-eabi/10.3.1/../../../../arm-none-eabi/lib/thumb/v7e-m+fp/hard\libg_nano.a(lib_a-init.o)
                              d:/at32ide/platform/tools/gcc-arm-none-eabi-10.3-2021.10/bin/../lib/gcc/arm-none-eabi/10.3.1/../../../../arm-none-eabi/lib/thumb/v7e-m+fp/hard/crt0.o (__libc_init_array)
d:/at32ide/platform/tools/gcc-arm-none-eabi-10.3-2021.10/bin/../lib/gcc/arm-none-eabi/10.3.1/../../../../arm-none-eabi/lib/thumb/v7e-m+fp/hard\libg_nano.a(lib_a-memset.o)
                              d:/at32ide/platform/tools/gcc-arm-none-eabi-10.3-2021.10/bin/../lib/gcc/arm-none-eabi/10.3.1/../../../../arm-none-eabi/lib/thumb/v7e-m+fp/hard/crt0.o (memset)
d:/at32ide/platform/tools/gcc-arm-none-eabi-10.3-2021.10/bin/../lib/gcc/arm-none-eabi/10.3.1/../../../../arm-none-eabi/lib/thumb/v7e-m+fp/hard\libg_nano.a(lib_a-setvbuf.o)
                              ./bsp/at32f403a_407_board.o (setvbuf)
d:/at32ide/platform/tools/gcc-arm-none-eabi-10.3-2021.10/bin/../lib/gcc/arm-none-eabi/10.3.1/../../../../arm-none-eabi/lib/thumb/v7e-m+fp/hard\libg_nano.a(lib_a-fflush.o)
                              d:/at32ide/platform/tools/gcc-arm-none-eabi-10.3-2021.10/bin/../lib/gcc/arm-none-eabi/10.3.1/../../../../arm-none-eabi/lib/thumb/v7e-m+fp/hard\libg_nano.a(lib_a-setvbuf.o) (_fflush_r)
d:/at32ide/platform/tools/gcc-arm-none-eabi-10.3-2021.10/bin/../lib/gcc/arm-none-eabi/10.3.1/../../../../arm-none-eabi/lib/thumb/v7e-m+fp/hard\libg_nano.a(lib_a-findfp.o)
                              d:/at32ide/platform/tools/gcc-arm-none-eabi-10.3-2021.10/bin/../lib/gcc/arm-none-eabi/10.3.1/../../../../arm-none-eabi/lib/thumb/v7e-m+fp/hard\libg_nano.a(lib_a-setvbuf.o) (__sinit)
d:/at32ide/platform/tools/gcc-arm-none-eabi-10.3-2021.10/bin/../lib/gcc/arm-none-eabi/10.3.1/../../../../arm-none-eabi/lib/thumb/v7e-m+fp/hard\libg_nano.a(lib_a-fwalk.o)
                              d:/at32ide/platform/tools/gcc-arm-none-eabi-10.3-2021.10/bin/../lib/gcc/arm-none-eabi/10.3.1/../../../../arm-none-eabi/lib/thumb/v7e-m+fp/hard\libg_nano.a(lib_a-findfp.o) (_fwalk)
d:/at32ide/platform/tools/gcc-arm-none-eabi-10.3-2021.10/bin/../lib/gcc/arm-none-eabi/10.3.1/../../../../arm-none-eabi/lib/thumb/v7e-m+fp/hard\libg_nano.a(lib_a-lock.o)
                              d:/at32ide/platform/tools/gcc-arm-none-eabi-10.3-2021.10/bin/../lib/gcc/arm-none-eabi/10.3.1/../../../../arm-none-eabi/lib/thumb/v7e-m+fp/hard\libg_nano.a(lib_a-findfp.o) (__retarget_lock_init_recursive)
d:/at32ide/platform/tools/gcc-arm-none-eabi-10.3-2021.10/bin/../lib/gcc/arm-none-eabi/10.3.1/../../../../arm-none-eabi/lib/thumb/v7e-m+fp/hard\libg_nano.a(lib_a-makebuf.o)
                              d:/at32ide/platform/tools/gcc-arm-none-eabi-10.3-2021.10/bin/../lib/gcc/arm-none-eabi/10.3.1/../../../../arm-none-eabi/lib/thumb/v7e-m+fp/hard\libg_nano.a(lib_a-setvbuf.o) (__swhatbuf_r)
d:/at32ide/platform/tools/gcc-arm-none-eabi-10.3-2021.10/bin/../lib/gcc/arm-none-eabi/10.3.1/../../../../arm-none-eabi/lib/thumb/v7e-m+fp/hard\libg_nano.a(lib_a-malloc.o)
                              d:/at32ide/platform/tools/gcc-arm-none-eabi-10.3-2021.10/bin/../lib/gcc/arm-none-eabi/10.3.1/../../../../arm-none-eabi/lib/thumb/v7e-m+fp/hard\libg_nano.a(lib_a-setvbuf.o) (malloc)
d:/at32ide/platform/tools/gcc-arm-none-eabi-10.3-2021.10/bin/../lib/gcc/arm-none-eabi/10.3.1/../../../../arm-none-eabi/lib/thumb/v7e-m+fp/hard\libg_nano.a(lib_a-nano-freer.o)
                              d:/at32ide/platform/tools/gcc-arm-none-eabi-10.3-2021.10/bin/../lib/gcc/arm-none-eabi/10.3.1/../../../../arm-none-eabi/lib/thumb/v7e-m+fp/hard\libg_nano.a(lib_a-setvbuf.o) (_free_r)
d:/at32ide/platform/tools/gcc-arm-none-eabi-10.3-2021.10/bin/../lib/gcc/arm-none-eabi/10.3.1/../../../../arm-none-eabi/lib/thumb/v7e-m+fp/hard\libg_nano.a(lib_a-nano-mallocr.o)
                              d:/at32ide/platform/tools/gcc-arm-none-eabi-10.3-2021.10/bin/../lib/gcc/arm-none-eabi/10.3.1/../../../../arm-none-eabi/lib/thumb/v7e-m+fp/hard\libg_nano.a(lib_a-findfp.o) (_malloc_r)
[...]
Memory Configuration

Name             Origin             Length             Attributes
FLASH            0x08000000         0x00100000         xr
RAM              0x20000000         0x00018000         xrw
SPIM             0x08400000         0x01000000         xr
*default*        0x00000000         0xffffffff

Linker script and memory map

LOAD d:/at32ide/platform/tools/gcc-arm-none-eabi-10.3-2021.10/bin/../lib/gcc/arm-none-eabi/10.3.1/thumb/v7e-m+fp/hard/crti.o
LOAD d:/at32ide/platform/tools/gcc-arm-none-eabi-10.3-2021.10/bin/../lib/gcc/arm-none-eabi/10.3.1/thumb/v7e-m+fp/hard/crtbegin.o
LOAD d:/at32ide/platform/tools/gcc-arm-none-eabi-10.3-2021.10/bin/../lib/gcc/arm-none-eabi/10.3.1/../../../../arm-none-eabi/lib/thumb/v7e-m+fp/hard/crt0.o
LOAD ./user/at32f403a_407_clock.o
LOAD ./user/at32f403a_407_int.o
LOAD ./user/main.o
LOAD ./firmware/at32f403a_407_acc.o
LOAD ./firmware/at32f403a_407_adc.o
LOAD ./firmware/at32f403a_407_bpr.o
LOAD ./firmware/at32f403a_407_can.o
LOAD ./firmware/at32f403a_407_crc.o
LOAD ./firmware/at32f403a_407_crm.o
LOAD ./firmware/at32f403a_407_dac.o
LOAD ./firmware/at32f403a_407_debug.o
LOAD ./firmware/at32f403a_407_dma.o
LOAD ./firmware/at32f403a_407_emac.o
LOAD ./firmware/at32f403a_407_exint.o
LOAD ./firmware/at32f403a_407_flash.o
LOAD ./firmware/at32f403a_407_gpio.o
LOAD ./firmware/at32f403a_407_i2c.o
LOAD ./firmware/at32f403a_407_misc.o
LOAD ./firmware/at32f403a_407_pwc.o
LOAD ./firmware/at32f403a_407_rtc.o
LOAD ./firmware/at32f403a_407_sdio.o
LOAD ./firmware/at32f403a_407_spi.o
LOAD ./firmware/at32f403a_407_tmr.o
LOAD ./firmware/at32f403a_407_usart.o
LOAD ./firmware/at32f403a_407_usb.o
LOAD ./firmware/at32f403a_407_wdt.o
LOAD ./firmware/at32f403a_407_wwdt.o
LOAD ./firmware/at32f403a_407_xmc.o
LOAD ./cmsis/startup_at32f403a_407.o
LOAD ./cmsis/system_at32f403a_407.o
LOAD ./bsp/at32f403a_407_board.o
START GROUP
LOAD d:/at32ide/platform/tools/gcc-arm-none-eabi-10.3-2021.10/bin/../lib/gcc/arm-none-eabi/10.3.1/thumb/v7e-m+fp/hard\libgcc.a
LOAD d:/at32ide/platform/tools/gcc-arm-none-eabi-10.3-2021.10/bin/../lib/gcc/arm-none-eabi/10.3.1/../../../../arm-none-eabi/lib/thumb/v7e-m+fp/hard\libg_nano.a
LOAD d:/at32ide/platform/tools/gcc-arm-none-eabi-10.3-2021.10/bin/../lib/gcc/arm-none-eabi/10.3.1/../../../../arm-none-eabi/lib/thumb/v7e-m+fp/hard\libc_nano.a
END GROUP
START GROUP
LOAD d:/at32ide/platform/tools/gcc-arm-none-eabi-10.3-2021.10/bin/../lib/gcc/arm-none-eabi/10.3.1/thumb/v7e-m+fp/hard\libgcc.a
LOAD d:/at32ide/platform/tools/gcc-arm-none-eabi-10.3-2021.10/bin/../lib/gcc/arm-none-eabi/10.3.1/../../../../arm-none-eabi/lib/thumb/v7e-m+fp/hard\libc_nano.a
LOAD d:/at32ide/platform/tools/gcc-arm-none-eabi-10.3-2021.10/bin/../lib/gcc/arm-none-eabi/10.3.1/../../../../arm-none-eabi/lib/thumb/v7e-m+fp/hard\libnosys.a
END GROUP
START GROUP
LOAD d:/at32ide/platform/tools/gcc-arm-none-eabi-10.3-2021.10/bin/../lib/gcc/arm-none-eabi/10.3.1/thumb/v7e-m+fp/hard\libgcc.a
LOAD d:/at32ide/platform/tools/gcc-arm-none-eabi-10.3-2021.10/bin/../lib/gcc/arm-none-eabi/10.3.1/../../../../arm-none-eabi/lib/thumb/v7e-m+fp/hard\libc_nano.a
LOAD d:/at32ide/platform/tools/gcc-arm-none-eabi-10.3-2021.10/bin/../lib/gcc/arm-none-eabi/10.3.1/../../../../arm-none-eabi/lib/thumb/v7e-m+fp/hard\libnosys.a
END GROUP
LOAD d:/at32ide/platform/tools/gcc-arm-none-eabi-10.3-2021.10/bin/../lib/gcc/arm-none-eabi/10.3.1/thumb/v7e-m+fp/hard/crtend.o
LOAD d:/at32ide/platform/tools/gcc-arm-none-eabi-10.3-2021.10/bin/../lib/gcc/arm-none-eabi/10.3.1/thumb/v7e-m+fp/hard/crtn.o
                0x20018000                _estack = 0x20018000
                0x00000200                _Min_Heap_Size = 0x200
                0x00000400                _Min_Stack_Size = 0x400

.isr_vector     0x08000000      0x184
                0x08000000                . = ALIGN (0x4)
 *(.isr_vector)
 .isr_vector    0x08000000      0x184 ./cmsis/startup_at32f403a_407.o
                0x08000000                g_pfnVectors
                0x08000184                . = ALIGN (0x4)

.text           0x08000184      0xf7c
                0x08000184                . = ALIGN (0x4)
 *(.text)
 .text          0x08000184       0x40 d:/at32ide/platform/tools/gcc-arm-none-eabi-10.3-2021.10/bin/../lib/gcc/arm-none-eabi/10.3.1/thumb/v7e-m+fp/hard/crtbegin.o
 *(.text*)
 .text.system_clock_config
                0x080001c4       0x7a ./user/at32f403a_407_clock.o
                0x080001c4                system_clock_config
 .text.NMI_Handler
                0x0800023e        0xe ./user/at32f403a_407_int.o
                0x0800023e                NMI_Handler
 .text.HardFault_Handler
                0x0800024c        0x6 ./user/at32f403a_407_int.o
                0x0800024c                HardFault_Handler
 .text.MemManage_Handler
                0x08000252        0x6 ./user/at32f403a_407_int.o
                0x08000252                MemManage_Handler
 .text.BusFault_Handler
                0x08000258        0x6 ./user/at32f403a_407_int.o
                0x08000258                BusFault_Handler
 .text.UsageFault_Handler
                0x0800025e        0x6 ./user/at32f403a_407_int.o
                0x0800025e                UsageFault_Handler
 .text.SVC_Handler
                0x08000264        0xe ./user/at32f403a_407_int.o
                0x08000264                SVC_Handler
 .text.DebugMon_Handler
                0x08000272        0xe ./user/at32f403a_407_int.o
                0x08000272                DebugMon_Handler
 .text.PendSV_Handler
                0x08000280        0xe ./user/at32f403a_407_int.o
                0x08000280                PendSV_Handler
 .text.SysTick_Handler
                0x0800028e        0xe ./user/at32f403a_407_int.o
                0x0800028e                SysTick_Handler
 .text.main     0x0800029c       0x74 ./user/main.o
                0x0800029c                main
 .text.usart_configuration
                0x08000310       0x9c ./user/main.o
                0x08000310                usart_configuration
 .text.crm_reset
                0x080003ac       0x6c ./firmware/at32f403a_407_crm.o
                0x080003ac                crm_reset
 .text.crm_flag_get
                0x08000418       0x50 ./firmware/at32f403a_407_crm.o
                0x08000418                crm_flag_get
 .text.crm_hext_stable_wait
                0x08000468       0x4a ./firmware/at32f403a_407_crm.o
                0x08000468                crm_hext_stable_wait
 .text.crm_periph_clock_enable
                0x080004b2       0x7c ./firmware/at32f403a_407_crm.o
                0x080004b2                crm_periph_clock_enable
 *fill*         0x0800052e        0x2 
 .text.crm_clock_source_enable
                0x08000530       0xa8 ./firmware/at32f403a_407_crm.o
                0x08000530                crm_clock_source_enable
 .text.crm_ahb_div_set
                0x080005d8       0x2c ./firmware/at32f403a_407_crm.o
                0x080005d8                crm_ahb_div_set
 .text.crm_apb1_div_set
                0x08000604       0x2c ./firmware/at32f403a_407_crm.o
                0x08000604                crm_apb1_div_set
 .text.crm_apb2_div_set
                0x08000630       0x2c ./firmware/at32f403a_407_crm.o
                0x08000630                crm_apb2_div_set
 .text.crm_pll_config
                0x0800065c       0x9c ./firmware/at32f403a_407_crm.o
                0x0800065c                crm_pll_config
 .text.crm_sysclk_switch
                0x080006f8       0x2c ./firmware/at32f403a_407_crm.o
                0x080006f8                crm_sysclk_switch
 .text.crm_sysclk_switch_status_get
                0x08000724       0x1c ./firmware/at32f403a_407_crm.o
                0x08000724                crm_sysclk_switch_status_get
 .text.crm_clocks_freq_get
                0x08000740      0x1d4 ./firmware/at32f403a_407_crm.o
                0x08000740                crm_clocks_freq_get
 .text.crm_auto_step_mode_enable
                0x08000914       0x38 ./firmware/at32f403a_407_crm.o
                0x08000914                crm_auto_step_mode_enable
 .text.crm_hext_clock_div_set
                0x0800094c       0x2c ./firmware/at32f403a_407_crm.o
                0x0800094c                crm_hext_clock_div_set
 .text.gpio_init
                0x08000978      0x138 ./firmware/at32f403a_407_gpio.o
                0x08000978                gpio_init
 .text.gpio_default_para_init
                0x08000ab0       0x34 ./firmware/at32f403a_407_gpio.o
                0x08000ab0                gpio_default_para_init
 .text.systick_clock_source_config
                0x08000ae4       0x3c ./firmware/at32f403a_407_misc.o
                0x08000ae4                systick_clock_source_config
 .text.usart_init
                0x08000b20       0xe0 ./firmware/at32f403a_407_usart.o
                0x08000b20                usart_init
 .text.usart_enable
                0x08000c00       0x2a ./firmware/at32f403a_407_usart.o
                0x08000c00                usart_enable
 .text.usart_transmitter_enable
                0x08000c2a       0x2a ./firmware/at32f403a_407_usart.o
                0x08000c2a                usart_transmitter_enable
 .text.usart_receiver_enable
                0x08000c54       0x2a ./firmware/at32f403a_407_usart.o
                0x08000c54                usart_receiver_enable
 .text.usart_data_receive
                0x08000c7e       0x1a ./firmware/at32f403a_407_usart.o
                0x08000c7e                usart_data_receive
 .text.usart_flag_get
                0x08000c98       0x28 ./firmware/at32f403a_407_usart.o
                0x08000c98                usart_flag_get
 .text.Reset_Handler
                0x08000cc0       0x48 ./cmsis/startup_at32f403a_407.o
                0x08000cc0                Reset_Handler
 .text.Default_Handler
                0x08000d08        0x2 ./cmsis/startup_at32f403a_407.o
                0x08000d08                SDIO1_IRQHandler
                0x08000d08                XMC_IRQHandler
                0x08000d08                EXINT2_IRQHandler
                0x08000d08                USBFS_L_CAN1_RX0_IRQHandler
                0x08000d08                UART8_IRQHandler
                0x08000d08                SPI4_IRQHandler
                0x08000d08                I2C2_EVT_IRQHandler
                0x08000d08                TMR1_OVF_TMR10_IRQHandler
                0x08000d08                TMR8_TRG_HALL_TMR14_IRQHandler
                0x08000d08                USBFS_H_CAN1_TX_IRQHandler
                0x08000d08                I2C1_ERR_IRQHandler
                0x08000d08                EXINT9_5_IRQHandler
                0x08000d08                EMAC_IRQHandler
                0x08000d08                CAN2_RX1_IRQHandler
                0x08000d08                TMR5_GLOBAL_IRQHandler
                0x08000d08                SDIO2_IRQHandler
                0x08000d08                ADC1_2_IRQHandler
                0x08000d08                SPI1_IRQHandler
                0x08000d08                TAMPER_IRQHandler
                0x08000d08                CAN2_RX0_IRQHandler
                0x08000d08                DMA2_Channel2_IRQHandler
                0x08000d08                DMA1_Channel4_IRQHandler
                0x08000d08                TMR8_CH_IRQHandler
                0x08000d08                USART6_IRQHandler
                0x08000d08                EXINT0_IRQHandler
                0x08000d08                USART3_IRQHandler
                0x08000d08                RTC_IRQHandler
                0x08000d08                DMA1_Channel7_IRQHandler
                0x08000d08                CAN1_RX1_IRQHandler
                0x08000d08                UART5_IRQHandler
                0x08000d08                ADC3_IRQHandler
                0x08000d08                ACC_IRQHandler
                0x08000d08                EMAC_WKUP_IRQHandler
                0x08000d08                DMA2_Channel1_IRQHandler
                0x08000d08                EXINT3_IRQHandler
                0x08000d08                DMA1_Channel6_IRQHandler
                0x08000d08                UART4_IRQHandler
                0x08000d08                DMA1_Channel1_IRQHandler
                0x08000d08                Default_Handler
                0x08000d08                USBFS_MAPH_IRQHandler
                0x08000d08                TMR3_GLOBAL_IRQHandler
                0x08000d08                TMR7_GLOBAL_IRQHandler
                0x08000d08                CAN1_SE_IRQHandler
                0x08000d08                CAN2_TX_IRQHandler
                0x08000d08                I2C3_ERR_IRQHandler
                0x08000d08                SPI3_I2S3EXT_IRQHandler
                0x08000d08                TMR1_BRK_TMR9_IRQHandler
                0x08000d08                USBFS_MAPL_IRQHandler
                0x08000d08                TMR8_BRK_TMR12_IRQHandler
                0x08000d08                TMR1_TRG_HALL_TMR11_IRQHandler
                0x08000d08                DMA1_Channel5_IRQHandler
                0x08000d08                TMR4_GLOBAL_IRQHandler
                0x08000d08                EXINT4_IRQHandler
                0x08000d08                CAN2_SE_IRQHandler
                0x08000d08                DMA2_Channel6_7_IRQHandler
                0x08000d08                PVM_IRQHandler
                0x08000d08                I2C3_EVT_IRQHandler
                0x08000d08                DMA1_Channel3_IRQHandler
                0x08000d08                I2C1_EVT_IRQHandler
                0x08000d08                TMR8_OVF_TMR13_IRQHandler
                0x08000d08                TMR6_GLOBAL_IRQHandler
                0x08000d08                EXINT1_IRQHandler
                0x08000d08                RTCAlarm_IRQHandler
                0x08000d08                DMA2_Channel4_5_IRQHandler
                0x08000d08                UART7_IRQHandler
                0x08000d08                USART2_IRQHandler
                0x08000d08                DMA1_Channel2_IRQHandler
                0x08000d08                TMR2_GLOBAL_IRQHandler
                0x08000d08                FLASH_IRQHandler
                0x08000d08                SPI2_I2S2EXT_IRQHandler
                0x08000d08                I2C2_ERR_IRQHandler
                0x08000d08                USBFSWakeUp_IRQHandler
                0x08000d08                USART1_IRQHandler
                0x08000d08                TMR1_CH_IRQHandler
                0x08000d08                CRM_IRQHandler
                0x08000d08                EXINT15_10_IRQHandler
                0x08000d08                WWDT_IRQHandler
                0x08000d08                DMA2_Channel3_IRQHandler
 *fill*         0x08000d0a        0x2 
 .text.SystemInit
                0x08000d0c       0x88 ./cmsis/system_at32f403a_407.o
                0x08000d0c                SystemInit
 .text.system_core_clock_update
                0x08000d94      0x150 ./cmsis/system_at32f403a_407.o
                0x08000d94                system_core_clock_update
 .text.at32_board_init
                0x08000ee4       0x34 ./bsp/at32f403a_407_board.o
                0x08000ee4                at32_board_init
 .text.at32_button_init
                0x08000f18       0x44 ./bsp/at32f403a_407_board.o
                0x08000f18                at32_button_init
 .text.at32_led_init
                0x08000f5c       0x68 ./bsp/at32f403a_407_board.o
                0x08000f5c                at32_led_init
 .text.at32_led_off
                0x08000fc4       0x48 ./bsp/at32f403a_407_board.o
                0x08000fc4                at32_led_off
 .text.at32_led_toggle
                0x0800100c       0x54 ./bsp/at32f403a_407_board.o
                0x0800100c                at32_led_toggle
 .text.delay_init
                0x08001060       0x40 ./bsp/at32f403a_407_board.o
                0x08001060                delay_init
 .text.__libc_init_array
                0x080010a0       0x48 d:/at32ide/platform/tools/gcc-arm-none-eabi-10.3-2021.10/bin/../lib/gcc/arm-none-eabi/10.3.1/../../../../arm-none-eabi/lib/thumb/v7e-m+fp/hard\libg_nano.a(lib_a-init.o)
                0x080010a0                __libc_init_array
 *(.glue_7)
 .glue_7        0x080010e8        0x0 linker stubs
 *(.glue_7t)
 .glue_7t       0x080010e8        0x0 linker stubs
 *(.eh_frame)
 .eh_frame      0x080010e8        0x0 d:/at32ide/platform/tools/gcc-arm-none-eabi-10.3-2021.10/bin/../lib/gcc/arm-none-eabi/10.3.1/thumb/v7e-m+fp/hard/crtbegin.o
 *(.init)
 .init          0x080010e8        0x4 d:/at32ide/platform/tools/gcc-arm-none-eabi-10.3-2021.10/bin/../lib/gcc/arm-none-eabi/10.3.1/thumb/v7e-m+fp/hard/crti.o
                0x080010e8                _init
 .init          0x080010ec        0x8 d:/at32ide/platform/tools/gcc-arm-none-eabi-10.3-2021.10/bin/../lib/gcc/arm-none-eabi/10.3.1/thumb/v7e-m+fp/hard/crtn.o
 *(.fini)
 .fini          0x080010f4        0x4 d:/at32ide/platform/tools/gcc-arm-none-eabi-10.3-2021.10/bin/../lib/gcc/arm-none-eabi/10.3.1/thumb/v7e-m+fp/hard/crti.o
                0x080010f4                _fini
 .fini          0x080010f8        0x8 d:/at32ide/platform/tools/gcc-arm-none-eabi-10.3-2021.10/bin/../lib/gcc/arm-none-eabi/10.3.1/thumb/v7e-m+fp/hard/crtn.o
                0x08001100                . = ALIGN (0x4)
                0x08001100                _etext = .

.vfp11_veneer   0x08001100        0x0
 .vfp11_veneer  0x08001100        0x0 linker stubs

.v4_bx          0x08001100        0x0
 .v4_bx         0x08001100        0x0 linker stubs

.iplt           0x08001100        0x0
 .iplt          0x08001100        0x0 d:/at32ide/platform/tools/gcc-arm-none-eabi-10.3-2021.10/bin/../lib/gcc/arm-none-eabi/10.3.1/thumb/v7e-m+fp/hard/crtbegin.o

.rodata         0x08001100       0x38
                0x08001100                . = ALIGN (0x4)
 *(.rodata)
 .rodata        0x08001100       0x28 ./firmware/at32f403a_407_crm.o
 .rodata        0x08001128       0x10 ./cmsis/system_at32f403a_407.o
 *(.rodata*)
                0x08001138                . = ALIGN (0x4)

.rel.dyn        0x08001138        0x0
 .rel.iplt      0x08001138        0x0 d:/at32ide/platform/tools/gcc-arm-none-eabi-10.3-2021.10/bin/../lib/gcc/arm-none-eabi/10.3.1/thumb/v7e-m+fp/hard/crtbegin.o

.ARM.extab
 *(.ARM.extab* .gnu.linkonce.armextab.*)

.ARM            0x08001138        0x0
                0x08001138                __exidx_start = .
 *(.ARM.exidx*)
                0x08001138                __exidx_end = .

.preinit_array  0x08001138        0x0
                0x08001138                PROVIDE (__preinit_array_start = .)
 *(.preinit_array*)
                0x08001138                PROVIDE (__preinit_array_end = .)

.init_array     0x08001138        0x4
                0x08001138                PROVIDE (__init_array_start = .)
 *(SORT_BY_NAME(.init_array.*))
 *(.init_array*)
 .init_array    0x08001138        0x4 d:/at32ide/platform/tools/gcc-arm-none-eabi-10.3-2021.10/bin/../lib/gcc/arm-none-eabi/10.3.1/thumb/v7e-m+fp/hard/crtbegin.o
                0x0800113c                PROVIDE (__init_array_end = .)

.fini_array     0x0800113c        0x4
                [!provide]                PROVIDE (__fini_array_start = .)
 *(SORT_BY_NAME(.fini_array.*))
 *(.fini_array*)
 .fini_array    0x0800113c        0x4 d:/at32ide/platform/tools/gcc-arm-none-eabi-10.3-2021.10/bin/../lib/gcc/arm-none-eabi/10.3.1/thumb/v7e-m+fp/hard/crtbegin.o
                [!provide]                PROVIDE (__fini_array_end = .)
                0x08001140                _sidata = LOADADDR (.data)

.data           0x20000000       0x28 load address 0x08001140
                0x20000000                . = ALIGN (0x4)
                0x20000000                _sdata = .
 *(.data)
 .data          0x20000000        0x4 ./cmsis/system_at32f403a_407.o
                0x20000000                system_core_clock
 .data          0x20000004       0x21 ./bsp/at32f403a_407_board.o
                0x20000004                led_gpio_port
                0x20000010                led_gpio_pin
                0x20000018                led_gpio_crm_clk
 *(.data*)
                0x20000028                . = ALIGN (0x4)
 *fill*         0x20000025        0x3 
                0x20000028                _edata = .
                0x08400000                _spim_init_base = LOADADDR (.spim)
                0x00000000                _spim_init_length = SIZEOF (.spim)

.igot.plt       0x20000028        0x0 load address 0x08001168
 .igot.plt      0x20000028        0x0 d:/at32ide/platform/tools/gcc-arm-none-eabi-10.3-2021.10/bin/../lib/gcc/arm-none-eabi/10.3.1/thumb/v7e-m+fp/hard/crtbegin.o

.spim           0x08400000        0x0
                0x08400000                . = ALIGN (0x4)
                0x08400000                _spim_start = .
 *(.spim)
 *(.spim*)
                0x08400000                . = ALIGN (0x4)
                0x08400000                _spim_end = .
                0x08400000                . = ALIGN (0x4)

.bss            0x20000028       0x24
                0x20000028                _sbss = .
                0x20000028                __bss_start__ = _sbss
 *(.bss)
 .bss           0x20000028       0x1c d:/at32ide/platform/tools/gcc-arm-none-eabi-10.3-2021.10/bin/../lib/gcc/arm-none-eabi/10.3.1/thumb/v7e-m+fp/hard/crtbegin.o
 .bss           0x20000044        0x8 ./bsp/at32f403a_407_board.o
 *(.bss*)
 *(COMMON)
                0x2000004c                . = ALIGN (0x4)
                0x2000004c                _ebss = .
                0x2000004c                __bss_end__ = _ebss

._user_heap_stack
                0x2000004c      0x604
                0x20000050                . = ALIGN (0x8)
 *fill*         0x2000004c        0x4 
                0x20000050                PROVIDE (end = .)
                [!provide]                PROVIDE (_end = .)
                0x20000250                . = (. + _Min_Heap_Size)
 *fill*         0x20000050      0x200 
                0x20000650                . = (. + _Min_Stack_Size)
 *fill*         0x20000250      0x400 
                0x20000650                . = ALIGN (0x8)

/DISCARD/
 libc.a(*)
 libm.a(*)
 libgcc.a(*)

.ARM.attributes
                0x00000000       0x30
 *(.ARM.attributes)
 .ARM.attributes
                0x00000000       0x1e d:/at32ide/platform/tools/gcc-arm-none-eabi-10.3-2021.10/bin/../lib/gcc/arm-none-eabi/10.3.1/thumb/v7e-m+fp/hard/crti.o
 .ARM.attributes
                0x0000001e       0x34 d:/at32ide/platform/tools/gcc-arm-none-eabi-10.3-2021.10/bin/../lib/gcc/arm-none-eabi/10.3.1/thumb/v7e-m+fp/hard/crtbegin.o
 .ARM.attributes
                0x00000052       0x34 ./user/at32f403a_407_clock.o
 .ARM.attributes
                0x00000086       0x34 ./user/at32f403a_407_int.o
 .ARM.attributes
                0x000000ba       0x34 ./user/main.o
 .ARM.attributes
                0x000000ee       0x34 ./firmware/at32f403a_407_crm.o
 .ARM.attributes
                0x00000122       0x34 ./firmware/at32f403a_407_gpio.o
 .ARM.attributes
                0x00000156       0x34 ./firmware/at32f403a_407_misc.o
 .ARM.attributes
                0x0000018a       0x34 ./firmware/at32f403a_407_usart.o
 .ARM.attributes
                0x000001be       0x21 ./cmsis/startup_at32f403a_407.o
 .ARM.attributes
                0x000001df       0x34 ./cmsis/system_at32f403a_407.o
 .ARM.attributes
                0x00000213       0x34 ./bsp/at32f403a_407_board.o
 .ARM.attributes
                0x00000247       0x34 d:/at32ide/platform/tools/gcc-arm-none-eabi-10.3-2021.10/bin/../lib/gcc/arm-none-eabi/10.3.1/../../../../arm-none-eabi/lib/thumb/v7e-m+fp/hard\libg_nano.a(lib_a-init.o)
 .ARM.attributes
                0x0000027b       0x1e d:/at32ide/platform/tools/gcc-arm-none-eabi-10.3-2021.10/bin/../lib/gcc/arm-none-eabi/10.3.1/thumb/v7e-m+fp/hard/crtn.o
OUTPUT(UsartReceive.elf elf32-littlearm)
LOAD linker stubs
LOAD d:/at32ide/platform/tools/gcc-arm-none-eabi-10.3-2021.10/bin/../lib/gcc/arm-none-eabi/10.3.1/../../../../arm-none-eabi/lib/thumb/v7e-m+fp/hard\libc.a
LOAD d:/at32ide/platform/tools/gcc-arm-none-eabi-10.3-2021.10/bin/../lib/gcc/arm-none-eabi/10.3.1/../../../../arm-none-eabi/lib/thumb/v7e-m+fp/hard\libm.a
LOAD d:/at32ide/platform/tools/gcc-arm-none-eabi-10.3-2021.10/bin/../lib/gcc/arm-none-eabi/10.3.1/thumb/v7e-m+fp/hard\libgcc.a

.debug_info     0x00000000     0xaecd
 .debug_info    0x00000000      0x3cc ./user/at32f403a_407_clock.o
 .debug_info    0x000003cc      0x10e ./user/at32f403a_407_int.o
 .debug_info    0x000004da     0x1566 ./user/main.o
 .debug_info    0x00001a40     0x2336 ./firmware/at32f403a_407_crm.o
 .debug_info    0x00003d76     0x1f20 ./firmware/at32f403a_407_gpio.o
 .debug_info    0x00005c96      0x9de ./firmware/at32f403a_407_misc.o
 .debug_info    0x00006674     0x105a ./firmware/at32f403a_407_usart.o
 .debug_info    0x000076ce       0x22 ./cmsis/startup_at32f403a_407.o
 .debug_info    0x000076f0     0x1596 ./cmsis/system_at32f403a_407.o
 .debug_info    0x00008c86     0x2247 ./bsp/at32f403a_407_board.o

.debug_abbrev   0x00000000     0x10d9
 .debug_abbrev  0x00000000       0x78 ./user/at32f403a_407_clock.o
 .debug_abbrev  0x00000078       0x44 ./user/at32f403a_407_int.o
 .debug_abbrev  0x000000bc      0x1d9 ./user/main.o
 .debug_abbrev  0x00000295      0x229 ./firmware/at32f403a_407_crm.o
 .debug_abbrev  0x000004be      0x215 ./firmware/at32f403a_407_gpio.o
 .debug_abbrev  0x000006d3      0x245 ./firmware/at32f403a_407_misc.o
 .debug_abbrev  0x00000918      0x237 ./firmware/at32f403a_407_usart.o
 .debug_abbrev  0x00000b4f       0x12 ./cmsis/startup_at32f403a_407.o
 .debug_abbrev  0x00000b61      0x187 ./cmsis/system_at32f403a_407.o
 .debug_abbrev  0x00000ce8      0x3f1 ./bsp/at32f403a_407_board.o

.debug_aranges  0x00000000      0x4e8
 .debug_aranges
                0x00000000       0x20 ./user/at32f403a_407_clock.o
 .debug_aranges
                0x00000020       0x60 ./user/at32f403a_407_int.o
 .debug_aranges
                0x00000080       0x28 ./user/main.o
 .debug_aranges
                0x000000a8      0x130 ./firmware/at32f403a_407_crm.o
 .debug_aranges
                0x000001d8       0xa8 ./firmware/at32f403a_407_gpio.o
 .debug_aranges
                0x00000280       0x88 ./firmware/at32f403a_407_misc.o
 .debug_aranges
                0x00000308      0x100 ./firmware/at32f403a_407_usart.o
 .debug_aranges
                0x00000408       0x28 ./cmsis/startup_at32f403a_407.o
 .debug_aranges
                0x00000430       0x28 ./cmsis/system_at32f403a_407.o
 .debug_aranges
                0x00000458       0x90 ./bsp/at32f403a_407_board.o

.debug_ranges   0x00000000      0x450
 .debug_ranges  0x00000000       0x10 ./user/at32f403a_407_clock.o
 .debug_ranges  0x00000010       0x50 ./user/at32f403a_407_int.o
 .debug_ranges  0x00000060       0x18 ./user/main.o
 .debug_ranges  0x00000078      0x120 ./firmware/at32f403a_407_crm.o
 .debug_ranges  0x00000198       0x98 ./firmware/at32f403a_407_gpio.o
 .debug_ranges  0x00000230       0x78 ./firmware/at32f403a_407_misc.o
 .debug_ranges  0x000002a8       0xf0 ./firmware/at32f403a_407_usart.o
 .debug_ranges  0x00000398       0x20 ./cmsis/startup_at32f403a_407.o
 .debug_ranges  0x000003b8       0x18 ./cmsis/system_at32f403a_407.o
 .debug_ranges  0x000003d0       0x80 ./bsp/at32f403a_407_board.o

.debug_line     0x00000000     0x2666
 .debug_line    0x00000000      0x1dd ./user/at32f403a_407_clock.o
 .debug_line    0x000001dd       0xfc ./user/at32f403a_407_int.o
 .debug_line    0x000002d9      0x24b ./user/main.o
 .debug_line    0x00000524      0x820 ./firmware/at32f403a_407_crm.o
 .debug_line    0x00000d44      0x581 ./firmware/at32f403a_407_gpio.o
 .debug_line    0x000012c5      0x441 ./firmware/at32f403a_407_misc.o
 .debug_line    0x00001706      0x574 ./firmware/at32f403a_407_usart.o
 .debug_line    0x00001c7a       0x7c ./cmsis/startup_at32f403a_407.o
 .debug_line    0x00001cf6      0x339 ./cmsis/system_at32f403a_407.o
 .debug_line    0x0000202f      0x637 ./bsp/at32f403a_407_board.o

.debug_str      0x00000000     0x46f5
 .debug_str     0x00000000      0x7c7 ./user/at32f403a_407_clock.o
                                0x80a (size before relaxing)
 .debug_str     0x000007c7       0xac ./user/at32f403a_407_int.o
                                0x1ff (size before relaxing)
 .debug_str     0x00000873      0xb5c ./user/main.o
                                0xcf5 (size before relaxing)
 .debug_str     0x000013cf     0x147b ./firmware/at32f403a_407_crm.o
                               0x2144 (size before relaxing)
 .debug_str     0x0000284a      0x89c ./firmware/at32f403a_407_gpio.o
                               0x13ab (size before relaxing)
 .debug_str     0x000030e6      0x921 ./firmware/at32f403a_407_misc.o
                                0xae6 (size before relaxing)
 .debug_str     0x00003a07      0x5d9 ./firmware/at32f403a_407_usart.o
                                0xdd7 (size before relaxing)
 .debug_str     0x00003fe0       0x2f ./cmsis/startup_at32f403a_407.o
                                 0x6a (size before relaxing)
 .debug_str     0x0000400f      0x1f0 ./cmsis/system_at32f403a_407.o
                                0xb03 (size before relaxing)
 .debug_str     0x000041ff      0x4f6 ./bsp/at32f403a_407_board.o
                               0x1437 (size before relaxing)

.comment        0x00000000       0x49
 .comment       0x00000000       0x49 ./user/at32f403a_407_clock.o
                                 0x4a (size before relaxing)
 .comment       0x00000049       0x4a ./user/at32f403a_407_int.o
 .comment       0x00000049       0x4a ./user/main.o
 .comment       0x00000049       0x4a ./firmware/at32f403a_407_crm.o
 .comment       0x00000049       0x4a ./firmware/at32f403a_407_gpio.o
 .comment       0x00000049       0x4a ./firmware/at32f403a_407_misc.o
 .comment       0x00000049       0x4a ./firmware/at32f403a_407_usart.o
 .comment       0x00000049       0x4a ./cmsis/system_at32f403a_407.o
 .comment       0x00000049       0x4a ./bsp/at32f403a_407_board.o

.debug_frame    0x00000000     0x1304
 .debug_frame   0x00000000       0x2c ./user/at32f403a_407_clock.o
 .debug_frame   0x0000002c      0x110 ./user/at32f403a_407_int.o
 .debug_frame   0x0000013c       0x50 ./user/main.o
 .debug_frame   0x0000018c      0x568 ./firmware/at32f403a_407_crm.o
 .debug_frame   0x000006f4      0x2d0 ./firmware/at32f403a_407_gpio.o
 .debug_frame   0x000009c4      0x210 ./firmware/at32f403a_407_misc.o
 .debug_frame   0x00000bd4      0x490 ./firmware/at32f403a_407_usart.o
 .debug_frame   0x00001064       0x54 ./cmsis/system_at32f403a_407.o
 .debug_frame   0x000010b8      0x220 ./bsp/at32f403a_407_board.o
 .debug_frame   0x000012d8       0x2c d:/at32ide/platform/tools/gcc-arm-none-eabi-10.3-2021.10/bin/../lib/gcc/arm-none-eabi/10.3.1/../../../../arm-none-eabi/lib/thumb/v7e-m+fp/hard\libg_nano.a(lib_a-init.o)

.stabstr        0x00000000      0x117
 .stabstr       0x00000000      0x117 d:/at32ide/platform/tools/gcc-arm-none-eabi-10.3-2021.10/bin/../lib/gcc/arm-none-eabi/10.3.1/../../../../arm-none-eabi/lib/thumb/v7e-m+fp/hard\libnosys.a(close.o)
